[0.011s][info][gc] Using The Z Garbage Collector
[0.160s][info][gc] GC(0) Garbage Collection (Warmup) 4M(12%)->4M(12%)
[5.559s][info][gc] GC(1) Garbage Collection (Warmup) 12M(38%)->8M(25%)
[5.679s][info][gc] GC(2) Garbage Collection (Warmup) 16M(50%)->12M(38%)
[5.763s][info][gc] GC(3) Garbage Collection (Allocation Rate) 12M(38%)->8M(25%)
[5.856s][info][gc] GC(4) Garbage Collection (Allocation Rate) 12M(38%)->10M(31%)
[5.952s][info][gc] GC(5) Garbage Collection (Allocation Rate) 14M(44%)->10M(31%)
[6.055s][info][gc] GC(6) Garbage Collection (Allocation Rate) 14M(44%)->10M(31%)
[6.153s][info][gc] GC(7) Garbage Collection (Allocation Rate) 10M(31%)->8M(25%)
[12.163s][info][gc] GC(8) Garbage Collection (Proactive) 12M(38%)->10M(31%)
[33.153s][info][gc] GC(9) Garbage Collection (Proactive) 14M(44%)->8M(25%)
[34.765s][info][gc] GC(10) Garbage Collection (Proactive) 12M(38%)->12M(38%)
[47.354s][info][gc] Allocation Stall (main) 9.115ms
[47.355s][info][gc] GC(11) Garbage Collection (Allocation Rate) 26M(81%)->20M(62%)
[47.377s][info][gc] Allocation Stall (main) 13.481ms
[47.377s][info][gc] GC(12) Garbage Collection (Allocation Stall) 32M(100%)->18M(56%)
[47.453s][info][gc] GC(13) Garbage Collection (Allocation Rate) 20M(62%)->10M(31%)
[47.570s][info][gc] GC(14) Garbage Collection (Allocation Rate) 10M(31%)->10M(31%)
[47.654s][info][gc] GC(15) Garbage Collection (Allocation Rate) 10M(31%)->10M(31%)
[47.768s][info][gc] GC(16) Garbage Collection (Allocation Rate) 10M(31%)->10M(31%)
[47.867s][info][gc] GC(17) Garbage Collection (Allocation Rate) 10M(31%)->10M(31%)
[47.968s][info][gc] GC(18) Garbage Collection (Allocation Rate) 10M(31%)->10M(31%)
[48.060s][info][gc] GC(19) Garbage Collection (Allocation Rate) 10M(31%)->12M(38%)
[48.754s][info][gc] GC(20) Garbage Collection (Allocation Rate) 12M(38%)->10M(31%)
[61.452s][info][gc] GC(21) Garbage Collection (Proactive) 16M(50%)->12M(38%)
[73.151s][info][gc] GC(22) Garbage Collection (Proactive) 16M(50%)->10M(31%)
[74.452s][info][gc] GC(23) Garbage Collection (Proactive) 14M(44%)->12M(38%)
[88.152s][info][gc] GC(24) Garbage Collection (Proactive) 16M(50%)->12M(38%)
[100.151s][info][gc] GC(25) Garbage Collection (Proactive) 16M(50%)->12M(38%)
[115.152s][info][gc] GC(26) Garbage Collection (Proactive) 16M(50%)->12M(38%)
[131.251s][info][gc] GC(27) Garbage Collection (Proactive) 16M(50%)->12M(38%)
[144.252s][info][gc] GC(28) Garbage Collection (Proactive) 16M(50%)->12M(38%)
[158.252s][info][gc] GC(29) Garbage Collection (Proactive) 16M(50%)->12M(38%)
